Warning: NLS missing message: ConsoleMain_MSG_DEVOPS_LICENSE_COMPATIBILITY in: com.kms.katalon.execution.constants.executionMessages
Warning: NLS missing message: ConsoleMain_MSG_NON_DEVOPS_LICENSE_COMPATIBLITY in: com.kms.katalon.execution.constants.executionMessages
Activating...
Start activating offline...
Search for valid offline licenses in folder: C:\Users\Lenovo\.katalon\license
The number of valid offline licenses: 0


INFO: Katalon Version: 10.1.0
INFO: Command-line arguments: -runMode=console -projectPath=C:\Users\Lenovo\Katalon Studio\Software Automation Testing using Katalon\Software Automation Testing using Katalon.prj -retry=0 -testSuitePath=Test Suites/Recording Modes_TS/Recording Modes_001 -browserType=Chrome -executionProfile=default -apiKey=******** --config -proxy.auth.option=NO_PROXY -proxy.system.option=NO_PROXY -proxy.system.applyToDesiredCapabilities=true -webui.autoUpdateDrivers=true
INFO: User working dir: C:\Users\Lenovo\Downloads\Katalon_Studio_Engine_Windows_64-10.1.0\Katalon_Studio_Engine_Windows_64-10.1.0
INFO: Error log: C:/Users/Lenovo/AppData/Local/Temp/session-cdfe0789/.metadata/.log
INFO: Katalon KatOne server URL: https://admin.katalon.com
INFO: Katalon TestOps server URL: https://testops.katalon.io
INFO: Katalon Store server URL: https://store.katalon.com
INFO: User home: C:\Users\Lenovo
INFO: Java vendor: Eclipse Adoptium
INFO: Java version: 17.0.13
INFO: Local OS: Windows 11 64bit
INFO: CPU load: 12%
INFO: Total memory: 7991 MB
INFO: Free memory: 1106 MB
Start getting machine ID on Windows
Start appending additional signatures
End appending additional signatures d86740a5-b8fc-48fd-84cf-214cb2d43bc2__lenovo
End getting machine ID on Windows 4cd7e647c9ffbd389134810ba570a7a2
INFO: Machine ID: 4cd7e647c9ffbd389134810ba570a7a2


Failed to activate with TestCloud license. Failed to get organization info
Activated successfully with Katalon Runtime Engine license. 
Failed to activate with TestCloud license. 
Latest plugins response: []

Sat Mar 08 22:51:21 IST 2025
com.kms.katalon.testops.core.model.exception.TestOpsException
	at com.kms.katalon.testops.services.TestOpsManager.getOrganizationSetting(TestOpsManager.java:409)
	at com.kms.katalon.testops.services.TestOpsController.getOrganizationSetting(TestOpsController.java:160)
	at com.kms.katalon.integration.analytics.report.AnalyticsReportHelper.isTestopsIntegrationEnabled(AnalyticsReportHelper.java:25)
	at com.kms.katalon.integration.analytics.report.AnalyticsReportIntegration.notifyProccess(AnalyticsReportIntegration.java:268)
	at com.kms.katalon.execution.launcher.BasicLauncher.notifyProccess(BasicLauncher.java:67)
	at com.kms.katalon.execution.launcher.ProcessLauncher.setStatus(ProcessLauncher.java:89)
	at com.kms.katalon.execution.launcher.manager.LauncherManager.addLauncherToWaitingList(LauncherManager.java:63)
	at com.kms.katalon.execution.launcher.manager.LauncherManager.addLauncher(LauncherManager.java:48)
	at com.kms.katalon.execution.console.ConsoleExecutor.execute(ConsoleExecutor.java:75)
	at com.kms.katalon.console.application.ConsoleMain.launch(ConsoleMain.java:143)
	at com.kms.katalon.console.application.ConsoleApplicationStarter.start(ConsoleApplicationStarter.java:37)
	at com.kms.katalon.application.Application.runConsole(Application.java:140)
	at com.kms.katalon.application.Application.start(Application.java:100)
	at org.eclipse.equinox.internal.app.EclipseAppHandle.run(EclipseAppHandle.java:203)
	at org.eclipse.core.runtime.internal.adaptor.EclipseAppLauncher.runApplication(EclipseAppLauncher.java:136)
	at org.eclipse.core.runtime.internal.adaptor.EclipseAppLauncher.start(EclipseAppLauncher.java:104)
	at org.eclipse.core.runtime.adaptor.EclipseStarter.run(EclipseStarter.java:402)
	at org.eclipse.core.runtime.adaptor.EclipseStarter.run(EclipseStarter.java:255)
	at java.base/jdk.internal.reflect.NativeMethodAccessorImpl.invoke0(Native Method)
	at java.base/jdk.internal.reflect.NativeMethodAccessorImpl.invoke(NativeMethodAccessorImpl.java:77)
	at java.base/jdk.internal.reflect.DelegatingMethodAccessorImpl.invoke(DelegatingMethodAccessorImpl.java:43)
	at java.base/java.lang.reflect.Method.invoke(Method.java:569)
	at org.eclipse.equinox.launcher.Main.invokeFramework(Main.java:659)
	at org.eclipse.equinox.launcher.Main.basicRun(Main.java:596)
	at org.eclipse.equinox.launcher.Main.run(Main.java:1467)



Sat Mar 08 22:51:21 IST 2025
com.kms.katalon.testops.core.model.exception.TestOpsException
	at com.kms.katalon.testops.services.TestOpsManager.getOrganizationSetting(TestOpsManager.java:409)
	at com.kms.katalon.testops.services.TestOpsController.getOrganizationSetting(TestOpsController.java:160)
	at com.kms.katalon.integration.analytics.report.AnalyticsReportHelper.isTestopsIntegrationEnabled(AnalyticsReportHelper.java:25)
	at com.kms.katalon.integration.analytics.report.AnalyticsReportIntegration.notifyProccess(AnalyticsReportIntegration.java:268)
	at com.kms.katalon.execution.launcher.BasicLauncher.notifyProccess(BasicLauncher.java:67)
	at com.kms.katalon.execution.launcher.ProcessLauncher.setStatus(ProcessLauncher.java:89)
	at com.kms.katalon.execution.launcher.manager.LauncherManager.addLauncherToRunningList(LauncherManager.java:54)
	at com.kms.katalon.execution.launcher.manager.LauncherManager.schedule(LauncherManager.java:206)
	at com.kms.katalon.execution.launcher.manager.LauncherManager.addLauncher(LauncherManager.java:49)
	at com.kms.katalon.execution.console.ConsoleExecutor.execute(ConsoleExecutor.java:75)
	at com.kms.katalon.console.application.ConsoleMain.launch(ConsoleMain.java:143)
	at com.kms.katalon.console.application.ConsoleApplicationStarter.start(ConsoleApplicationStarter.java:37)
	at com.kms.katalon.application.Application.runConsole(Application.java:140)
	at com.kms.katalon.application.Application.start(Application.java:100)
	at org.eclipse.equinox.internal.app.EclipseAppHandle.run(EclipseAppHandle.java:203)
	at org.eclipse.core.runtime.internal.adaptor.EclipseAppLauncher.runApplication(EclipseAppLauncher.java:136)
	at org.eclipse.core.runtime.internal.adaptor.EclipseAppLauncher.start(EclipseAppLauncher.java:104)
	at org.eclipse.core.runtime.adaptor.EclipseStarter.run(EclipseStarter.java:402)
	at org.eclipse.core.runtime.adaptor.EclipseStarter.run(EclipseStarter.java:255)
	at java.base/jdk.internal.reflect.NativeMethodAccessorImpl.invoke0(Native Method)
	at java.base/jdk.internal.reflect.NativeMethodAccessorImpl.invoke(NativeMethodAccessorImpl.java:77)
	at java.base/jdk.internal.reflect.DelegatingMethodAccessorImpl.invoke(DelegatingMethodAccessorImpl.java:43)
	at java.base/java.lang.reflect.Method.invoke(Method.java:569)
	at org.eclipse.equinox.launcher.Main.invokeFramework(Main.java:659)
	at org.eclipse.equinox.launcher.Main.basicRun(Main.java:596)
	at org.eclipse.equinox.launcher.Main.run(Main.java:1467)


INFO: KATALON_JAVA_HOME: null

Sat Mar 08 22:51:36 IST 2025
com.kms.katalon.testops.core.model.exception.TestOpsException
	at com.kms.katalon.testops.services.TestOpsManager.getOrganizationSetting(TestOpsManager.java:409)
	at com.kms.katalon.testops.services.TestOpsController.getOrganizationSetting(TestOpsController.java:160)
	at com.kms.katalon.integration.analytics.report.AnalyticsReportHelper.isTestopsIntegrationEnabled(AnalyticsReportHelper.java:25)
	at com.kms.katalon.integration.analytics.report.AnalyticsReportIntegration.notifyProccess(AnalyticsReportIntegration.java:268)
	at com.kms.katalon.execution.launcher.BasicLauncher.notifyProccess(BasicLauncher.java:67)
	at com.kms.katalon.execution.launcher.LoggableLauncher.addLogRecords(LoggableLauncher.java:129)
	at com.kms.katalon.execution.launcher.ConsoleLauncher.addLogRecords(ConsoleLauncher.java:102)
	at com.kms.katalon.execution.logging.SocketWatcher.run(SocketWatcher.java:55)
	at java.base/java.lang.Thread.run(Thread.java:840)



Sat Mar 08 22:51:42 IST 2025
com.kms.katalon.testops.core.model.exception.TestOpsException
	at com.kms.katalon.testops.services.TestOpsManager.getOrganizationSetting(TestOpsManager.java:409)
	at com.kms.katalon.testops.services.TestOpsController.getOrganizationSetting(TestOpsController.java:160)
	at com.kms.katalon.integration.analytics.report.AnalyticsReportHelper.isTestopsIntegrationEnabled(AnalyticsReportHelper.java:25)
	at com.kms.katalon.integration.analytics.report.AnalyticsReportIntegration.notifyProccess(AnalyticsReportIntegration.java:268)
	at com.kms.katalon.execution.launcher.BasicLauncher.notifyProccess(BasicLauncher.java:67)
	at com.kms.katalon.execution.launcher.LoggableLauncher.addLogRecords(LoggableLauncher.java:129)
	at com.kms.katalon.execution.launcher.ConsoleLauncher.addLogRecords(ConsoleLauncher.java:102)
	at com.kms.katalon.execution.logging.SocketWatcher.run(SocketWatcher.java:55)
	at java.base/java.lang.Thread.run(Thread.java:840)



Sat Mar 08 22:51:46 IST 2025
com.kms.katalon.testops.core.model.exception.TestOpsException
	at com.kms.katalon.testops.services.TestOpsManager.getOrganizationSetting(TestOpsManager.java:409)
	at com.kms.katalon.testops.services.TestOpsController.getOrganizationSetting(TestOpsController.java:160)
	at com.kms.katalon.integration.analytics.report.AnalyticsReportHelper.isTestopsIntegrationEnabled(AnalyticsReportHelper.java:25)
	at com.kms.katalon.integration.analytics.report.AnalyticsReportIntegration.notifyProccess(AnalyticsReportIntegration.java:268)
	at com.kms.katalon.execution.launcher.BasicLauncher.notifyProccess(BasicLauncher.java:67)
	at com.kms.katalon.execution.launcher.LoggableLauncher.addLogRecords(LoggableLauncher.java:129)
	at com.kms.katalon.execution.launcher.ConsoleLauncher.addLogRecords(ConsoleLauncher.java:102)
	at com.kms.katalon.execution.logging.SocketWatcher.run(SocketWatcher.java:55)
	at java.base/java.lang.Thread.run(Thread.java:840)


Launcher status after execution process completed: Running

Sat Mar 08 22:51:47 IST 2025
com.kms.katalon.testops.core.model.exception.TestOpsException
	at com.kms.katalon.testops.services.TestOpsManager.getOrganizationSetting(TestOpsManager.java:409)
	at com.kms.katalon.testops.services.TestOpsController.getOrganizationSetting(TestOpsController.java:160)
	at com.kms.katalon.integration.analytics.report.AnalyticsReportHelper.isTestopsIntegrationEnabled(AnalyticsReportHelper.java:25)
	at com.kms.katalon.integration.analytics.report.AnalyticsReportIntegration.notifyProccess(AnalyticsReportIntegration.java:268)
	at com.kms.katalon.execution.launcher.BasicLauncher.notifyProccess(BasicLauncher.java:67)
	at com.kms.katalon.execution.launcher.ProcessLauncher.setStatus(ProcessLauncher.java:89)
	at com.kms.katalon.execution.launcher.ReportableLauncher.preExecutionComplete(ReportableLauncher.java:154)
	at com.kms.katalon.execution.launcher.ProcessLauncher.onWatchdogComplete(ProcessLauncher.java:200)
	at com.kms.katalon.execution.launcher.LaunchWatchdog.notifyProcessTerminated(LaunchWatchdog.java:136)
	at com.kms.katalon.execution.launcher.LaunchWatchdog.run(LaunchWatchdog.java:66)
	at java.base/java.lang.Thread.run(Thread.java:840)


Start writing execution.uuid file to folder: C:\Users\Lenovo\Katalon Studio\Software Automation Testing using Katalon\Reports\20250308_225105\Recording Modes_TS\Recording Modes_001\20250308_225121
Start generating JUnit report folder at: C:\Users\Lenovo\Katalon Studio\Software Automation Testing using Katalon\Reports\20250308_225105\Recording Modes_TS\Recording Modes_001\20250308_225121...
JUnit report were generated at folder: C:\Users\Lenovo\Katalon Studio\Software Automation Testing using Katalon\Reports\20250308_225105\Recording Modes_TS\Recording Modes_001\20250308_225121

Sat Mar 08 22:51:49 IST 2025
com.kms.katalon.testops.core.model.exception.TestOpsException
	at com.kms.katalon.testops.services.TestOpsManager.getOrganizationSetting(TestOpsManager.java:409)
	at com.kms.katalon.testops.services.TestOpsController.getOrganizationSetting(TestOpsController.java:160)
	at com.kms.katalon.integration.analytics.report.AnalyticsReportHelper.isTestopsIntegrationEnabled(AnalyticsReportHelper.java:25)
	at com.kms.katalon.integration.analytics.report.AnalyticsReportService.upload(AnalyticsReportService.java:53)
	at com.kms.katalon.integration.analytics.report.AnalyticsReportIntegration.uploadTestSuiteResult(AnalyticsReportIntegration.java:234)
	at com.kms.katalon.execution.launcher.ReportableLauncher.uploadReportToIntegratingProduct(ReportableLauncher.java:543)
	at com.kms.katalon.execution.launcher.ReportableLauncher.preExecutionComplete(ReportableLauncher.java:162)
	at com.kms.katalon.execution.launcher.ProcessLauncher.onWatchdogComplete(ProcessLauncher.java:200)
	at com.kms.katalon.execution.launcher.LaunchWatchdog.notifyProcessTerminated(LaunchWatchdog.java:136)
	at com.kms.katalon.execution.launcher.LaunchWatchdog.run(LaunchWatchdog.java:66)
	at java.base/java.lang.Thread.run(Thread.java:840)



Sat Mar 08 22:51:55 IST 2025
com.kms.katalon.testops.core.model.exception.TestOpsException
	at com.kms.katalon.testops.services.TestOpsManager.getOrganizationSetting(TestOpsManager.java:409)
	at com.kms.katalon.testops.services.TestOpsController.getOrganizationSetting(TestOpsController.java:160)
	at com.kms.katalon.integration.analytics.report.AnalyticsReportHelper.isTestopsIntegrationEnabled(AnalyticsReportHelper.java:25)
	at com.kms.katalon.integration.analytics.report.AnalyticsReportIntegration.notifyProccess(AnalyticsReportIntegration.java:268)
	at com.kms.katalon.execution.launcher.BasicLauncher.notifyProccess(BasicLauncher.java:67)
	at com.kms.katalon.execution.launcher.ProcessLauncher.setStatus(ProcessLauncher.java:89)
	at com.kms.katalon.execution.launcher.ProcessLauncher.onWatchdogComplete(ProcessLauncher.java:202)
	at com.kms.katalon.execution.launcher.LaunchWatchdog.notifyProcessTerminated(LaunchWatchdog.java:136)
	at com.kms.katalon.execution.launcher.LaunchWatchdog.run(LaunchWatchdog.java:66)
	at java.base/java.lang.Thread.run(Thread.java:840)


Execution completed. Exit code: 2.
Start clean up session
End clean up session
All launchers terminated
